// Jest Snapshot v1, https://goo.gl/fbAQLP

exports[`Board component should render Board with 450px width 1`] = `
.c0 {
  width: 450px;
  display: -webkit-box;
  display: -webkit-flex;
  display: -ms-flexbox;
  display: flex;
  border: 1px solid var(--main-2);
  -webkit-flex-wrap: wrap;
  -ms-flex-wrap: wrap;
  flex-wrap: wrap;
  -webkit-box-pack: center;
  -webkit-justify-content: center;
  -ms-flex-pack: center;
  justify-content: center;
  -webkit-align-items: center;
  -webkit-box-align: center;
  -ms-flex-align: center;
  align-items: center;
  background-color: var(--main-3);
  padding: 10px 5px;
  -webkit-transition: all 0.8s ease-in;
  transition: all 0.8s ease-in;
}

<div
  className="c0"
  data-testid="board"
/>
`;
